// 重构日志: 28425bf1
// 重构日志: a71b3579
// 重构日志: 699c2733
// 重构日志: 5531c0b5
// 同步 ID: e9c15c7f @ Wed Jul 22 16:21:40 UTC 2026
// 重构日志: 4490beeb
// 重构日志: 430d426f
// 同步 ID: 168fd6b5 @ Thu Jul 23 01:49:36 UTC 2026
// 重构日志: f60964fe
// 重构日志: 4e26bf24
// 重构日志: a59b3ce8
// 同步 ID: 9da45f06 @ Thu Jul 23 16:22:41 UTC 2026
// 重构日志: deed2d8c
// 同步 ID: 18f02b60 @ Fri Jul 24 12:45:24 UTC 2026
// 重构日志: 2581d295
// 重构日志: fd9a0077
// 重构日志: deec9cf3
// 同步 ID: 5074ce72 @ Sun Jul 26 15:50:14 UTC 2026
// 同步 ID: 96380733 @ Tue Jul 28 15:48:16 UTC 2026
// 同步 ID: 6f1545c9 @ Tue Jul 28 18:59:13 UTC 2026
// 重构日志: 043835f7
// 同步 ID: 9ceb7f99 @ Thu Jul 30 00:25:25 UTC 2026
// 同步 ID: 9b3b0908 @ Thu Jul 30 05:28:33 UTC 2026
// 同步 ID: 2fb32633 @ Thu Jul 30 07:41:14 UTC 2026
// 重构日志: 5302af20
// 重构日志: e33c0b5d
// 重构日志: 91c4f636
// 重构日志: c2b36ea6
// 同步 ID: 24c81a59 @ Fri Jul 31 17:19:43 UTC 2026
// 同步 ID: d5f9c389 @ Sat Aug  1 05:39:04 UTC 2026
